HP@LAPTOP-CPBTOSAJ MINGW64 /d/yuv
$ git init
Initialized empty Git repository in D:/yuv/.git/

HP@LAPTOP-CPBTOSAJ MINGW64 /d/yuv (master)
$ vi lab32.txt

HP@LAPTOP-CPBTOSAJ MINGW64 /d/yuv (master)
$ git add .
warning: in the working copy of 'lab32.txt', LF will be replaced by CRLF the next time Git touches it

HP@LAPTOP-CPBTOSAJ MINGW64 /d/yuv (master)
$ git commit  -m "first commit"
[master (root-commit) a65a402] first commit
 1 file changed, 2 insertions(+)
 create mode 100644 lab32.txt

HP@LAPTOP-CPBTOSAJ MINGW64 /d/yuv (master)
$ git remote add origin https://github.com/yuvraj2816/yuv.git

HP@LAPTOP-CPBTOSAJ MINGW64 /d/yuv (master)
$ git push origin master
Enumerating objects: 3, done.
Counting objects: 100% (3/3), done.
Writing objects: 100% (3/3), 223 bytes | 223.00 KiB/s, done.
Total 3 (delta 0), reused 0 (delta 0), pack-reused 0 (from 0)
To https://github.com/yuvraj2816/yuv.git
 * [new branch]      master -> master

HP@LAPTOP-CPBTOSAJ MINGW64 /d/yuv (master)
$ git checkout -b featur_branch
Switched to a new branch 'featur_branch'

HP@LAPTOP-CPBTOSAJ MINGW64 /d/yuv (featur_branch)
$ vi lab32.txt

HP@LAPTOP-CPBTOSAJ MINGW64 /d/yuv (featur_branch)
$ git add .
warning: in the working copy of 'lab32.txt', LF will be replaced by CRLF the next time Git touches it

HP@LAPTOP-CPBTOSAJ MINGW64 /d/yuv (featur_branch)
$ git commit -m "second commit"
[featur_branch d1dd186] second commit
 1 file changed, 2 insertions(+), 1 deletion(-)

HP@LAPTOP-CPBTOSAJ MINGW64 /d/yuv (featur_branch)
$ git checkout master
Switched to branch 'master'

HP@LAPTOP-CPBTOSAJ MINGW64 /d/yuv (master)
$ vi lab32.txt

HP@LAPTOP-CPBTOSAJ MINGW64 /d/yuv (master)
$ git merge featur_branch
Updating a65a402..d1dd186
Fast-forward
 lab32.txt | 3 ++-
 1 file changed, 2 insertions(+), 1 deletion(-)

HP@LAPTOP-CPBTOSAJ MINGW64 /d/yuv (master)
$ vi lab32.txt

HP@LAPTOP-CPBTOSAJ MINGW64 /d/yuv (master)
$ git push origin master
Enumerating objects: 5, done.
Counting objects: 100% (5/5), done.
Writing objects: 100% (3/3), 287 bytes | 287.00 KiB/s, done.
Total 3 (delta 0), reused 0 (delta 0), pack-reused 0 (from 0)
To https://github.com/yuvraj2816/yuv.git
   a65a402..d1dd186  master -> master

HP@LAPTOP-CPBTOSAJ MINGW64 /d/yuv (master)
$ git clone https://github.com/yuvraj2816/yuv.git
Cloning into 'yuv'...
remote: Enumerating objects: 6, done.
remote: Counting objects: 100% (6/6), done.
remote: Compressing objects: 100% (2/2), done.
remote: Total 6 (delta 0), reused 6 (delta 0), pack-reused 0 (from 0)
Receiving objects: 100% (6/6), done.

HP@LAPTOP-CPBTOSAJ MINGW64 /d/yuv (master)
$ vi lab32.txt

HP@LAPTOP-CPBTOSAJ MINGW64 /d/yuv (master)
$ git stash save "This text is temp"
Saved working directory and index state On master: This text is temp

HP@LAPTOP-CPBTOSAJ MINGW64 /d/yuv (master)
$ git checkout -b target
Switched to a new branch 'target'

HP@LAPTOP-CPBTOSAJ MINGW64 /d/yuv (target)
$ git stash apply
On branch target
Changes not staged for commit:
  (use "git add <file>..." to update what will be committed)
  (use "git restore <file>..." to discard changes in working directory)
        modified:   lab32.txt

Untracked files:
  (use "git add <file>..." to include in what will be committed)
        yuv/

no changes added to commit (use "git add" and/or "git commit -a")

HP@LAPTOP-CPBTOSAJ MINGW64 /d/yuv (target)
$ vi lab32.txt

HP@LAPTOP-CPBTOSAJ MINGW64 /d/yuv (target)
$ git checkout master
Switched to branch 'master'
M       lab32.txt

HP@LAPTOP-CPBTOSAJ MINGW64 /d/yuv (master)
$ push origin master
bash: push: command not found

HP@LAPTOP-CPBTOSAJ MINGW64 /d/yuv (master)
$ git push origin master
Everything up-to-date

HP@LAPTOP-CPBTOSAJ MINGW64 /d/yuv (master)
$ git fetch origin
remote: Enumerating objects: 5, done.
remote: Counting objects: 100% (5/5), done.
remote: Compressing objects: 100% (2/2), done.
remote: Total 3 (delta 0), reused 0 (delta 0), pack-reused 0 (from 0)
Unpacking objects: 100% (3/3), 950 bytes | 135.00 KiB/s, done.
From https://github.com/yuvraj2816/yuv
   d1dd186..37b61d0  master     -> origin/master

HP@LAPTOP-CPBTOSAJ MINGW64 /d/yuv (master)
$ git rebase
There is no tracking information for the current branch.
Please specify which branch you want to rebase against.
See git-rebase(1) for details.

    git rebase '<branch>'

If you wish to set tracking information for this branch you can do so with:

    git branch --set-upstream-to=<remote>/<branch> master


HP@LAPTOP-CPBTOSAJ MINGW64 /d/yuv (master)
$ vi lab32.txt

HP@LAPTOP-CPBTOSAJ MINGW64 /d/yuv (master)
$ git rebase/origin/master
git: 'rebase/origin/master' is not a git command. See 'git --help'.

HP@LAPTOP-CPBTOSAJ MINGW64 /d/yuv (master)
$ git rebase origin/master
error: cannot rebase: You have unstaged changes.
error: Please commit or stash them.

HP@LAPTOP-CPBTOSAJ MINGW64 /d/yuv (master)
$ git fetch origin
remote: Enumerating objects: 8, done.
remote: Counting objects: 100% (8/8), done.
remote: Compressing objects: 100% (4/4), done.
remote: Total 6 (delta 1), reused 0 (delta 0), pack-reused 0 (from 0)
Unpacking objects: 100% (6/6), 1.80 KiB | 55.00 KiB/s, done.
From https://github.com/yuvraj2816/yuv
   37b61d0..c42dab7  master     -> origin/master

HP@LAPTOP-CPBTOSAJ MINGW64 /d/yuv (master)
$ git rebase origin/master
error: cannot rebase: You have unstaged changes.
error: Please commit or stash them.

HP@LAPTOP-CPBTOSAJ MINGW64 /d/yuv (master)
$ git rebase --continue
fatal: no rebase in progress

HP@LAPTOP-CPBTOSAJ MINGW64 /d/yuv (master)
$ git fetch origin

HP@LAPTOP-CPBTOSAJ MINGW64 /d/yuv (master)
$ git rebase origin/master
error: cannot rebase: You have unstaged changes.
error: Please commit or stash them.

HP@LAPTOP-CPBTOSAJ MINGW64 /d/yuv (master)
$ git config --global merge.ff no

HP@LAPTOP-CPBTOSAJ MINGW64 /d/yuv (master)
$ git checkout -b feature
Switched to a new branch 'feature'

HP@LAPTOP-CPBTOSAJ MINGW64 /d/yuv (feature)
$ vi lab32.txt

HP@LAPTOP-CPBTOSAJ MINGW64 /d/yuv (feature)
$ git add .

HP@LAPTOP-CPBTOSAJ MINGW64 /d/yuv (feature)
$ git commit -m"before merging"
[feature 9951784] before merging
 1 file changed, 3 insertions(+), 1 deletion(-)

HP@LAPTOP-CPBTOSAJ MINGW64 /d/yuv (feature)
$ git checkout master
Switched to branch 'master'

HP@LAPTOP-CPBTOSAJ MINGW64 /d/yuv (master)
$ git merge feature -m"MY MESSAGE"
Merge made by the 'ort' strategy.
 lab32.txt | 4 +++-
 1 file changed, 3 insertions(+), 1 deletion(-)

HP@LAPTOP-CPBTOSAJ MINGW64 /d/yuv (master)
$ git push origin master
To https://github.com/yuvraj2816/yuv.git
 ! [rejected]        master -> master (non-fast-forward)
error: failed to push some refs to 'https://github.com/yuvraj2816/yuv.git'
hint: Updates were rejected because the tip of your current branch is behind
hint: its remote counterpart. If you want to integrate the remote changes,
hint: use 'git pull' before pushing again.
hint: See the 'Note about fast-forwards' in 'git push --help' for details.

HP@LAPTOP-CPBTOSAJ MINGW64 /d/yuv (master)
$
 hciabnldnsnajbjbsakn kjab
 vnvkjasnfjbbj
guguygfycdxtdrf
helllo world
hi
